// Snapshot v1

exports[`My Login application > should login with valid credentials > Histórico de Consultas 1`] = `"<h2 _ngcontent-ng-c2945389749="" id="titulo" class="card-title">Histórico de Consultas</h2>"`;

exports[`My Login application > should login with valid credentials > flashAlert 1`] = `
"<div data- id="flash" class="flash success">You logged into a secure area!
  <a href="#" class="close">×</a>
</div>"
`;
